// Jest Snapshot v1, https://goo.gl/fbAQLP

exports[`Autonomous Expense renders correctly 1`] = `
Array [
  <div
    className="col-sm-4 m-auto"
  >
    <label
      className="form-control-placeholder"
      htmlFor="January"
    >
      Janeiro
    </label>
    <input
      className="form-control"
      id="January"
      onChange={[Function]}
      placeholder="R$"
      type="number"
      value={0}
    />
  </div>,
  <div
    className="col-sm-4 m-auto"
  >
    <label
      className="form-control-placeholder"
      htmlFor="February"
    >
      Fevereiro
    </label>
    <input
      className="form-control"
      id="February"
      onChange={[Function]}
      placeholder="R$"
      type="number"
      value={0}
    />
  </div>,
  <div
    className="col-sm-4 m-auto"
  >
    <label
      className="form-control-placeholder"
      htmlFor="March"
    >
      Março
    </label>
    <input
      className="form-control"
      id="March"
      onChange={[Function]}
      placeholder="R$"
      type="number"
      value={0}
    />
  </div>,
  <div
    className="col-sm-4 m-auto"
  >
    <label
      className="form-control-placeholder"
      htmlFor="April"
    >
      Abril
    </label>
    <input
      className="form-control"
      id="April"
      onChange={[Function]}
      placeholder="R$"
      type="number"
      value={0}
    />
  </div>,
  <div
    className="col-sm-4 m-auto"
  >
    <label
      className="form-control-placeholder"
      htmlFor="May"
    >
      Maio
    </label>
    <input
      className="form-control"
      id="May"
      onChange={[Function]}
      placeholder="R$"
      type="number"
      value={0}
    />
  </div>,
  <div
    className="col-sm-4 m-auto"
  >
    <label
      className="form-control-placeholder"
      htmlFor="June"
    >
      Junho
    </label>
    <input
      className="form-control"
      id="June"
      onChange={[Function]}
      placeholder="R$"
      type="number"
      value={0}
    />
  </div>,
  <div
    className="col-sm-4 m-auto"
  >
    <label
      className="form-control-placeholder"
      htmlFor="July"
    >
      Julho
    </label>
    <input
      className="form-control"
      id="July"
      onChange={[Function]}
      placeholder="R$"
      type="number"
      value={0}
    />
  </div>,
  <div
    className="col-sm-4 m-auto"
  >
    <label
      className="form-control-placeholder"
      htmlFor="August"
    >
      Agosto
    </label>
    <input
      className="form-control"
      id="August"
      onChange={[Function]}
      placeholder="R$"
      type="number"
      value={0}
    />
  </div>,
  <div
    className="col-sm-4 m-auto"
  >
    <label
      className="form-control-placeholder"
      htmlFor="September"
    >
      Setembro
    </label>
    <input
      className="form-control"
      id="September"
      onChange={[Function]}
      placeholder="R$"
      type="number"
      value={0}
    />
  </div>,
  <div
    className="col-sm-4 m-auto"
  >
    <label
      className="form-control-placeholder"
      htmlFor="October"
    >
      Outubro
    </label>
    <input
      className="form-control"
      id="October"
      onChange={[Function]}
      placeholder="R$"
      type="number"
      value={0}
    />
  </div>,
  <div
    className="col-sm-4 m-auto"
  >
    <label
      className="form-control-placeholder"
      htmlFor="November"
    >
      Novembro
    </label>
    <input
      className="form-control"
      id="November"
      onChange={[Function]}
      placeholder="R$"
      type="number"
      value={0}
    />
  </div>,
  <div
    className="col-sm-4 m-auto"
  >
    <label
      className="form-control-placeholder"
      htmlFor="December"
    >
      Dezembro
    </label>
    <input
      className="form-control"
      id="December"
      onChange={[Function]}
      placeholder="R$"
      type="number"
      value={0}
    />
  </div>,
  <div
    className="col-sm-12 plus-icon"
  >
    <i
      className="fal fa-minus"
    />
     
    Excluir última despesa de fluxo de caixa
  </div>,
]
`;
